
Memory Configuration

Name             Origin             Length             Attributes
*default*        0x00000000         0xffffffff

Linker script and memory map

LOAD ./init_b.o
LOAD ./sudoku_2024.o
                0x0c000000                . = 0xc000000

.text           0x0c000000      0xc98
 *(.text)
 .text          0x0c000000      0x310 ./init_b.o
                0x0c000000                sudoku_candidatos_propagar_thumb
                0x0c0000cc                sudoku_candidatos_init_arm
                0x0c0001ac                sudoku_candidatos_propagar_arm
                0x0c0002ec                start
 .text          0x0c000310      0x988 ./sudoku_2024.o
                0x0c000378                sudoku_candidatos_propagar_c
                0x0c000c14                sudoku9x9
                0x0c000c98                _bdata = .

.glue_7         0x0c000c98        0x0
 .glue_7        0x00000000        0x0 linker stubs

.glue_7t        0x0c000c98        0x0
 .glue_7t       0x00000000        0x0 linker stubs

.vfp11_veneer   0x0c000c98        0x0
 .vfp11_veneer  0x00000000        0x0 linker stubs

.v4_bx          0x0c000c98        0x0
 .v4_bx         0x00000000        0x0 linker stubs

.data           0x0c000ca0      0x120
 *(.data)
 .data          0x0c000ca0      0x120 ./init_b.o
 .data          0x0c000dc0        0x0 ./sudoku_2024.o
                0x0c000dc0                _edata = .

.rodata
 *(.rodata)
                0x0c000dc0                _bbss = .

.bss            0x0c000dc0        0x0
 *(.bss)
 .bss           0x0c000dc0        0x0 ./init_b.o
 .bss           0x0c000dc0        0x0 ./sudoku_2024.o
                0x0c000dc0                _ebss = .
OUTPUT(PH_Sudoku.elf elf32-littlearm)

.ARM.attributes
                0x00000000       0x2e
 .ARM.attributes
                0x00000000       0x22 ./init_b.o
 .ARM.attributes
                0x00000022       0x32 ./sudoku_2024.o

.comment        0x00000000       0x2a
 .comment       0x00000000       0x2a ./sudoku_2024.o
                                 0x2b (size before relaxing)

.debug_line     0x00000000      0x5b5
 .debug_line    0x00000000      0x136 ./init_b.o
 .debug_line    0x00000136      0x47f ./sudoku_2024.o

.debug_info     0x00000000      0x4ef
 .debug_info    0x00000000       0x63 ./init_b.o
 .debug_info    0x00000063      0x48c ./sudoku_2024.o

.debug_abbrev   0x00000000      0x126
 .debug_abbrev  0x00000000       0x14 ./init_b.o
 .debug_abbrev  0x00000014      0x112 ./sudoku_2024.o

.debug_aranges  0x00000000       0x40
 .debug_aranges
                0x00000000       0x20 ./init_b.o
 .debug_aranges
                0x00000020       0x20 ./sudoku_2024.o

.debug_macinfo  0x00000000     0x6574
 .debug_macinfo
                0x00000000     0x6574 ./sudoku_2024.o

.debug_loc      0x00000000      0x134
 .debug_loc     0x00000000      0x134 ./sudoku_2024.o

.debug_pubnames
                0x00000000       0x41
 .debug_pubnames
                0x00000000       0x41 ./sudoku_2024.o

.debug_pubtypes
                0x00000000       0x35
 .debug_pubtypes
                0x00000000       0x35 ./sudoku_2024.o

.debug_str      0x00000000      0x1e5
 .debug_str     0x00000000      0x1e5 ./sudoku_2024.o
                                0x224 (size before relaxing)

.debug_frame    0x00000000       0xf0
 .debug_frame   0x00000000       0xf0 ./sudoku_2024.o
