
Memory Configuration

Name             Origin             Length             Attributes
*default*        0x00000000         0xffffffff

Linker script and memory map

LOAD ./init_b.o
LOAD ./sudoku_2024.o
                0x0c000000                . = 0xc000000

.text           0x0c000000      0xafc
 *(.text)
 .text          0x0c000000      0x18c ./init_b.o
                0x0c000000                sudoku_candidatos_propagar_arm
                0x0c000168                start
 .text          0x0c00018c      0x970 ./sudoku_2024.o
                0x0c0001f4                sudoku_candidatos_propagar_c
                0x0c00048c                init_candidatos
                0x0c000580                propagar_if_value
                0x0c000ac4                sudoku9x9
                0x0c000afc                _bdata = .

.glue_7         0x0c000afc        0x0
 .glue_7        0x00000000        0x0 linker stubs

.glue_7t        0x0c000afc        0x0
 .glue_7t       0x00000000        0x0 linker stubs

.vfp11_veneer   0x0c000afc        0x0
 .vfp11_veneer  0x00000000        0x0 linker stubs

.v4_bx          0x0c000afc        0x0
 .v4_bx         0x00000000        0x0 linker stubs

.data           0x0c000b00      0x120
 *(.data)
 .data          0x0c000b00      0x120 ./init_b.o
 .data          0x0c000c20        0x0 ./sudoku_2024.o
                0x0c000c20                _edata = .

.rodata
 *(.rodata)
                0x0c000c20                _bbss = .

.bss            0x0c000c20        0x0
 *(.bss)
 .bss           0x0c000c20        0x0 ./init_b.o
 .bss           0x0c000c20        0x0 ./sudoku_2024.o
                0x0c000c20                _ebss = .
OUTPUT(PH_Sudoku.elf elf32-littlearm)

.ARM.attributes
                0x00000000       0x2e
 .ARM.attributes
                0x00000000       0x22 ./init_b.o
 .ARM.attributes
                0x00000022       0x32 ./sudoku_2024.o

.comment        0x00000000       0x2a
 .comment       0x00000000       0x2a ./sudoku_2024.o
                                 0x2b (size before relaxing)

.debug_line     0x00000000      0x515
 .debug_line    0x00000000       0xa3 ./init_b.o
 .debug_line    0x000000a3      0x472 ./sudoku_2024.o

.debug_info     0x00000000      0x511
 .debug_info    0x00000000       0x63 ./init_b.o
 .debug_info    0x00000063      0x4ae ./sudoku_2024.o

.debug_abbrev   0x00000000      0x126
 .debug_abbrev  0x00000000       0x14 ./init_b.o
 .debug_abbrev  0x00000014      0x112 ./sudoku_2024.o

.debug_aranges  0x00000000       0x40
 .debug_aranges
                0x00000000       0x20 ./init_b.o
 .debug_aranges
                0x00000020       0x20 ./sudoku_2024.o

.debug_macinfo  0x00000000     0x6574
 .debug_macinfo
                0x00000000     0x6574 ./sudoku_2024.o

.debug_loc      0x00000000      0x18c
 .debug_loc     0x00000000      0x18c ./sudoku_2024.o

.debug_pubnames
                0x00000000       0x6b
 .debug_pubnames
                0x00000000       0x6b ./sudoku_2024.o

.debug_pubtypes
                0x00000000       0x35
 .debug_pubtypes
                0x00000000       0x35 ./sudoku_2024.o

.debug_str      0x00000000      0x202
 .debug_str     0x00000000      0x202 ./sudoku_2024.o
                                0x241 (size before relaxing)

.debug_frame    0x00000000      0x130
 .debug_frame   0x00000000      0x130 ./sudoku_2024.o
